Archive member included to satisfy reference by file (symbol)

c:/program files (x86)/atmel/studio/7.0/toolchain/avr8/avr8-gnu-toolchain/bin/../lib/gcc/avr/5.4.0/avr5\libgcc.a(_divmodhi4.o)
                              App/Calculator/calculator.o (__divmodhi4)
c:/program files (x86)/atmel/studio/7.0/toolchain/avr8/avr8-gnu-toolchain/bin/../lib/gcc/avr/5.4.0/avr5\libgcc.a(_exit.o)
                              C:/Program Files (x86)/Atmel/Studio/7.0/Packs/atmel/ATmega_DFP/1.2.132/gcc/dev/atmega32/avr5/crtatmega32.o (exit)
c:/program files (x86)/atmel/studio/7.0/toolchain/avr8/avr8-gnu-toolchain/bin/../lib/gcc/avr/5.4.0/avr5\libgcc.a(_copy_data.o)
                              App/Calculator/calculator.o (__do_copy_data)
c:/program files (x86)/atmel/studio/7.0/toolchain/avr8/avr8-gnu-toolchain/bin/../lib/gcc/avr/5.4.0/avr5\libgcc.a(_clear_bss.o)
                              App/Calculator/calculator.o (__do_clear_bss)
c:/program files (x86)/atmel/studio/7.0/toolchain/avr8/avr8-gnu-toolchain/bin/../lib/gcc/avr/5.4.0/avr5\libgcc.a(_udivmodhi4.o)
                              c:/program files (x86)/atmel/studio/7.0/toolchain/avr8/avr8-gnu-toolchain/bin/../lib/gcc/avr/5.4.0/avr5\libgcc.a(_divmodhi4.o) (__udivmodhi4)
c:/program files (x86)/atmel/studio/7.0/toolchain/avr8/avr8-gnu-toolchain/bin/../lib/gcc/avr/5.4.0/../../../../avr/lib/avr5\libc.a(sprintf.o)
                              HAL/LCD/LCD.o (sprintf)
c:/program files (x86)/atmel/studio/7.0/toolchain/avr8/avr8-gnu-toolchain/bin/../lib/gcc/avr/5.4.0/../../../../avr/lib/avr5\libc.a(vfprintf_std.o)
                              c:/program files (x86)/atmel/studio/7.0/toolchain/avr8/avr8-gnu-toolchain/bin/../lib/gcc/avr/5.4.0/../../../../avr/lib/avr5\libc.a(sprintf.o) (vfprintf)
c:/program files (x86)/atmel/studio/7.0/toolchain/avr8/avr8-gnu-toolchain/bin/../lib/gcc/avr/5.4.0/../../../../avr/lib/avr5\libc.a(strnlen_P.o)
                              c:/program files (x86)/atmel/studio/7.0/toolchain/avr8/avr8-gnu-toolchain/bin/../lib/gcc/avr/5.4.0/../../../../avr/lib/avr5\libc.a(vfprintf_std.o) (strnlen_P)
c:/program files (x86)/atmel/studio/7.0/toolchain/avr8/avr8-gnu-toolchain/bin/../lib/gcc/avr/5.4.0/../../../../avr/lib/avr5\libc.a(strnlen.o)
                              c:/program files (x86)/atmel/studio/7.0/toolchain/avr8/avr8-gnu-toolchain/bin/../lib/gcc/avr/5.4.0/../../../../avr/lib/avr5\libc.a(vfprintf_std.o) (strnlen)
c:/program files (x86)/atmel/studio/7.0/toolchain/avr8/avr8-gnu-toolchain/bin/../lib/gcc/avr/5.4.0/../../../../avr/lib/avr5\libc.a(fputc.o)
                              c:/program files (x86)/atmel/studio/7.0/toolchain/avr8/avr8-gnu-toolchain/bin/../lib/gcc/avr/5.4.0/../../../../avr/lib/avr5\libc.a(vfprintf_std.o) (fputc)
c:/program files (x86)/atmel/studio/7.0/toolchain/avr8/avr8-gnu-toolchain/bin/../lib/gcc/avr/5.4.0/../../../../avr/lib/avr5\libc.a(ultoa_invert.o)
                              c:/program files (x86)/atmel/studio/7.0/toolchain/avr8/avr8-gnu-toolchain/bin/../lib/gcc/avr/5.4.0/../../../../avr/lib/avr5\libc.a(vfprintf_std.o) (__ultoa_invert)
c:/program files (x86)/atmel/studio/7.0/toolchain/avr8/avr8-gnu-toolchain/bin/../lib/gcc/avr/5.4.0/avr5\libgcc.a(_prologue.o)
                              c:/program files (x86)/atmel/studio/7.0/toolchain/avr8/avr8-gnu-toolchain/bin/../lib/gcc/avr/5.4.0/../../../../avr/lib/avr5\libc.a(sprintf.o) (__prologue_saves__)
c:/program files (x86)/atmel/studio/7.0/toolchain/avr8/avr8-gnu-toolchain/bin/../lib/gcc/avr/5.4.0/avr5\libgcc.a(_epilogue.o)
                              c:/program files (x86)/atmel/studio/7.0/toolchain/avr8/avr8-gnu-toolchain/bin/../lib/gcc/avr/5.4.0/../../../../avr/lib/avr5\libc.a(sprintf.o) (__epilogue_restores__)

Discarded input sections

 .data          0x00000000        0x0 C:/Program Files (x86)/Atmel/Studio/7.0/Packs/atmel/ATmega_DFP/1.2.132/gcc/dev/atmega32/avr5/crtatmega32.o
 .bss           0x00000000        0x0 C:/Program Files (x86)/Atmel/Studio/7.0/Packs/atmel/ATmega_DFP/1.2.132/gcc/dev/atmega32/avr5/crtatmega32.o
 .text          0x00000000        0x0 App/Calculator/calculator.o
 .data          0x00000000        0x0 App/Calculator/calculator.o
 .bss           0x00000000        0x0 App/Calculator/calculator.o
 .text.Calculator_Init
                0x00000000        0xa App/Calculator/calculator.o
 .text.Calculator_Update
                0x00000000      0x122 App/Calculator/calculator.o
 .bss.arrVal    0x00000000        0x4 App/Calculator/calculator.o
 .data.op       0x00000000        0x1 App/Calculator/calculator.o
 .bss.flag      0x00000000        0x1 App/Calculator/calculator.o
 .data.keyclear
                0x00000000        0x1 App/Calculator/calculator.o
 .data.keypadVal
                0x00000000        0x1 App/Calculator/calculator.o
 .debug_info    0x00000000      0x1e9 App/Calculator/calculator.o
 .debug_abbrev  0x00000000       0xba App/Calculator/calculator.o
 .debug_loc     0x00000000       0x2f App/Calculator/calculator.o
 .debug_aranges
                0x00000000       0x28 App/Calculator/calculator.o
 .debug_ranges  0x00000000       0x18 App/Calculator/calculator.o
 .debug_line    0x00000000      0x1bd App/Calculator/calculator.o
 .debug_str     0x00000000      0x244 App/Calculator/calculator.o
 .comment       0x00000000       0x31 App/Calculator/calculator.o
 .debug_frame   0x00000000       0x40 App/Calculator/calculator.o
 .text          0x00000000        0x0 App/Display_Num_Binary_On_LEDs_and_Decimal_On_7SEG/display_num_binary_on_LEDs_and_decimal_on_7SEG.o
 .data          0x00000000        0x0 App/Display_Num_Binary_On_LEDs_and_Decimal_On_7SEG/display_num_binary_on_LEDs_and_decimal_on_7SEG.o
 .bss           0x00000000        0x0 App/Display_Num_Binary_On_LEDs_and_Decimal_On_7SEG/display_num_binary_on_LEDs_and_decimal_on_7SEG.o
 .text.Display_Number_Init
                0x00000000       0x26 App/Display_Num_Binary_On_LEDs_and_Decimal_On_7SEG/display_num_binary_on_LEDs_and_decimal_on_7SEG.o
 .text.Display_Number_Update
                0x00000000       0x80 App/Display_Num_Binary_On_LEDs_and_Decimal_On_7SEG/display_num_binary_on_LEDs_and_decimal_on_7SEG.o
 .debug_info    0x00000000      0x35e App/Display_Num_Binary_On_LEDs_and_Decimal_On_7SEG/display_num_binary_on_LEDs_and_decimal_on_7SEG.o
 .debug_abbrev  0x00000000      0x13b App/Display_Num_Binary_On_LEDs_and_Decimal_On_7SEG/display_num_binary_on_LEDs_and_decimal_on_7SEG.o
 .debug_loc     0x00000000       0x89 App/Display_Num_Binary_On_LEDs_and_Decimal_On_7SEG/display_num_binary_on_LEDs_and_decimal_on_7SEG.o
 .debug_aranges
                0x00000000       0x28 App/Display_Num_Binary_On_LEDs_and_Decimal_On_7SEG/display_num_binary_on_LEDs_and_decimal_on_7SEG.o
 .debug_ranges  0x00000000       0x18 App/Display_Num_Binary_On_LEDs_and_Decimal_On_7SEG/display_num_binary_on_LEDs_and_decimal_on_7SEG.o
 .debug_line    0x00000000      0x321 App/Display_Num_Binary_On_LEDs_and_Decimal_On_7SEG/display_num_binary_on_LEDs_and_decimal_on_7SEG.o
 .debug_str     0x00000000      0x326 App/Display_Num_Binary_On_LEDs_and_Decimal_On_7SEG/display_num_binary_on_LEDs_and_decimal_on_7SEG.o
 .comment       0x00000000       0x31 App/Display_Num_Binary_On_LEDs_and_Decimal_On_7SEG/display_num_binary_on_LEDs_and_decimal_on_7SEG.o
 .debug_frame   0x00000000       0x3c App/Display_Num_Binary_On_LEDs_and_Decimal_On_7SEG/display_num_binary_on_LEDs_and_decimal_on_7SEG.o
 .text          0x00000000        0x0 App/Sinusoidal_Animation_Of_Character_On_LCD/sinusoidal_animation_of_character_on_LCD.o
 .data          0x00000000        0x0 App/Sinusoidal_Animation_Of_Character_On_LCD/sinusoidal_animation_of_character_on_LCD.o
 .bss           0x00000000        0x0 App/Sinusoidal_Animation_Of_Character_On_LCD/sinusoidal_animation_of_character_on_LCD.o
 .text.Sinusoidal_Animation_Init
                0x00000000        0x6 App/Sinusoidal_Animation_Of_Character_On_LCD/sinusoidal_animation_of_character_on_LCD.o
 .text.Sinusoidal_Animation_Update
                0x00000000       0xe2 App/Sinusoidal_Animation_Of_Character_On_LCD/sinusoidal_animation_of_character_on_LCD.o
 .bss.count     0x00000000        0x2 App/Sinusoidal_Animation_Of_Character_On_LCD/sinusoidal_animation_of_character_on_LCD.o
 .debug_info    0x00000000      0x2c4 App/Sinusoidal_Animation_Of_Character_On_LCD/sinusoidal_animation_of_character_on_LCD.o
 .debug_abbrev  0x00000000      0x13f App/Sinusoidal_Animation_Of_Character_On_LCD/sinusoidal_animation_of_character_on_LCD.o
 .debug_loc     0x00000000      0x170 App/Sinusoidal_Animation_Of_Character_On_LCD/sinusoidal_animation_of_character_on_LCD.o
 .debug_aranges
                0x00000000       0x28 App/Sinusoidal_Animation_Of_Character_On_LCD/sinusoidal_animation_of_character_on_LCD.o
 .debug_ranges  0x00000000       0x18 App/Sinusoidal_Animation_Of_Character_On_LCD/sinusoidal_animation_of_character_on_LCD.o
 .debug_line    0x00000000      0x2c2 App/Sinusoidal_Animation_Of_Character_On_LCD/sinusoidal_animation_of_character_on_LCD.o
 .debug_str     0x00000000      0x296 App/Sinusoidal_Animation_Of_Character_On_LCD/sinusoidal_animation_of_character_on_LCD.o
 .comment       0x00000000       0x31 App/Sinusoidal_Animation_Of_Character_On_LCD/sinusoidal_animation_of_character_on_LCD.o
 .debug_frame   0x00000000       0x44 App/Sinusoidal_Animation_Of_Character_On_LCD/sinusoidal_animation_of_character_on_LCD.o
 .text          0x00000000        0x0 App/Toggle_LED_Count_LCD_Using_EXTI/toggle_led_count_on_lcd_using_exti.o
 .data          0x00000000        0x0 App/Toggle_LED_Count_LCD_Using_EXTI/toggle_led_count_on_lcd_using_exti.o
 .bss           0x00000000        0x0 App/Toggle_LED_Count_LCD_Using_EXTI/toggle_led_count_on_lcd_using_exti.o
 .text.toggle_led_callback
                0x00000000       0x92 App/Toggle_LED_Count_LCD_Using_EXTI/toggle_led_count_on_lcd_using_exti.o
 .text.Toggle_LED_Count_Init
                0x00000000       0x3e App/Toggle_LED_Count_LCD_Using_EXTI/toggle_led_count_on_lcd_using_exti.o
 .text.Toggle_LED_Count_Update
                0x00000000        0x2 App/Toggle_LED_Count_LCD_Using_EXTI/toggle_led_count_on_lcd_using_exti.o
 .data.counterINT.2046
                0x00000000        0x2 App/Toggle_LED_Count_LCD_Using_EXTI/toggle_led_count_on_lcd_using_exti.o
 .bss.flag.2047
                0x00000000        0x2 App/Toggle_LED_Count_LCD_Using_EXTI/toggle_led_count_on_lcd_using_exti.o
 .debug_info    0x00000000      0x341 App/Toggle_LED_Count_LCD_Using_EXTI/toggle_led_count_on_lcd_using_exti.o
 .debug_abbrev  0x00000000      0x17f App/Toggle_LED_Count_LCD_Using_EXTI/toggle_led_count_on_lcd_using_exti.o
 .debug_loc     0x00000000       0x90 App/Toggle_LED_Count_LCD_Using_EXTI/toggle_led_count_on_lcd_using_exti.o
 .debug_aranges
                0x00000000       0x30 App/Toggle_LED_Count_LCD_Using_EXTI/toggle_led_count_on_lcd_using_exti.o
 .debug_ranges  0x00000000       0x20 App/Toggle_LED_Count_LCD_Using_EXTI/toggle_led_count_on_lcd_using_exti.o
 .debug_line    0x00000000      0x2df App/Toggle_LED_Count_LCD_Using_EXTI/toggle_led_count_on_lcd_using_exti.o
 .debug_str     0x00000000      0x3cb App/Toggle_LED_Count_LCD_Using_EXTI/toggle_led_count_on_lcd_using_exti.o
 .comment       0x00000000       0x31 App/Toggle_LED_Count_LCD_Using_EXTI/toggle_led_count_on_lcd_using_exti.o
 .debug_frame   0x00000000       0x54 App/Toggle_LED_Count_LCD_Using_EXTI/toggle_led_count_on_lcd_using_exti.o
 .text          0x00000000        0x0 App/Traffic_Lights_LEDs/traffic_lights_LEDs.o
 .data          0x00000000        0x0 App/Traffic_Lights_LEDs/traffic_lights_LEDs.o
 .bss           0x00000000        0x0 App/Traffic_Lights_LEDs/traffic_lights_LEDs.o
 .text.Traffic_Light_Init
                0x00000000       0x1e App/Traffic_Lights_LEDs/traffic_lights_LEDs.o
 .text.Traffic_Light_Update
                0x00000000       0x9c App/Traffic_Lights_LEDs/traffic_lights_LEDs.o
 .debug_info    0x00000000      0x3ef App/Traffic_Lights_LEDs/traffic_lights_LEDs.o
 .debug_abbrev  0x00000000      0x146 App/Traffic_Lights_LEDs/traffic_lights_LEDs.o
 .debug_loc     0x00000000      0x19f App/Traffic_Lights_LEDs/traffic_lights_LEDs.o
 .debug_aranges
                0x00000000       0x28 App/Traffic_Lights_LEDs/traffic_lights_LEDs.o
 .debug_ranges  0x00000000       0x18 App/Traffic_Lights_LEDs/traffic_lights_LEDs.o
 .debug_line    0x00000000      0x2f2 App/Traffic_Lights_LEDs/traffic_lights_LEDs.o
 .debug_str     0x00000000      0x2f3 App/Traffic_Lights_LEDs/traffic_lights_LEDs.o
 .comment       0x00000000       0x31 App/Traffic_Lights_LEDs/traffic_lights_LEDs.o
 .debug_frame   0x00000000       0x3c App/Traffic_Lights_LEDs/traffic_lights_LEDs.o
 .text          0x00000000        0x0 App/Turn_On_LED_Using_Button/turn_on_LED_using_button.o
 .data          0x00000000        0x0 App/Turn_On_LED_Using_Button/turn_on_LED_using_button.o
 .bss           0x00000000        0x0 App/Turn_On_LED_Using_Button/turn_on_LED_using_button.o
 .text.Button_Init
                0x00000000       0x12 App/Turn_On_LED_Using_Button/turn_on_LED_using_button.o
 .text.Button_Update
                0x00000000       0x54 App/Turn_On_LED_Using_Button/turn_on_LED_using_button.o
 .debug_info    0x00000000      0x220 App/Turn_On_LED_Using_Button/turn_on_LED_using_button.o
 .debug_abbrev  0x00000000       0xd5 App/Turn_On_LED_Using_Button/turn_on_LED_using_button.o
 .debug_loc     0x00000000       0x48 App/Turn_On_LED_Using_Button/turn_on_LED_using_button.o
 .debug_aranges
                0x00000000       0x28 App/Turn_On_LED_Using_Button/turn_on_LED_using_button.o
 .debug_ranges  0x00000000       0x18 App/Turn_On_LED_Using_Button/turn_on_LED_using_button.o
 .debug_line    0x00000000      0x1b5 App/Turn_On_LED_Using_Button/turn_on_LED_using_button.o
 .debug_str     0x00000000      0x28d App/Turn_On_LED_Using_Button/turn_on_LED_using_button.o
 .comment       0x00000000       0x31 App/Turn_On_LED_Using_Button/turn_on_LED_using_button.o
 .debug_frame   0x00000000       0x44 App/Turn_On_LED_Using_Button/turn_on_LED_using_button.o
 .text          0x00000000        0x0 App/Two_7SEG_Counting_0TO99_Two_7SEG_Counting_99TO0/two_7SEG_counting_0to99_two_7SEG_counting_99to0.o
 .data          0x00000000        0x0 App/Two_7SEG_Counting_0TO99_Two_7SEG_Counting_99TO0/two_7SEG_counting_0to99_two_7SEG_counting_99to0.o
 .bss           0x00000000        0x0 App/Two_7SEG_Counting_0TO99_Two_7SEG_Counting_99TO0/two_7SEG_counting_0to99_two_7SEG_counting_99to0.o
 .text.Counting_on_4_7SEG_Init
                0x00000000        0x6 App/Two_7SEG_Counting_0TO99_Two_7SEG_Counting_99TO0/two_7SEG_counting_0to99_two_7SEG_counting_99to0.o
 .text.Counting_on_4_7SEG_Update
                0x00000000       0x84 App/Two_7SEG_Counting_0TO99_Two_7SEG_Counting_99TO0/two_7SEG_counting_0to99_two_7SEG_counting_99to0.o
 .data.num2RevTens
                0x00000000        0x1 App/Two_7SEG_Counting_0TO99_Two_7SEG_Counting_99TO0/two_7SEG_counting_0to99_two_7SEG_counting_99to0.o
 .data.num2RevOnes
                0x00000000        0x1 App/Two_7SEG_Counting_0TO99_Two_7SEG_Counting_99TO0/two_7SEG_counting_0to99_two_7SEG_counting_99to0.o
 .bss.count1s   0x00000000        0x2 App/Two_7SEG_Counting_0TO99_Two_7SEG_Counting_99TO0/two_7SEG_counting_0to99_two_7SEG_counting_99to0.o
 .debug_info    0x00000000      0x306 App/Two_7SEG_Counting_0TO99_Two_7SEG_Counting_99TO0/two_7SEG_counting_0to99_two_7SEG_counting_99to0.o
 .debug_abbrev  0x00000000      0x153 App/Two_7SEG_Counting_0TO99_Two_7SEG_Counting_99TO0/two_7SEG_counting_0to99_two_7SEG_counting_99to0.o
 .debug_loc     0x00000000      0x1f5 App/Two_7SEG_Counting_0TO99_Two_7SEG_Counting_99TO0/two_7SEG_counting_0to99_two_7SEG_counting_99to0.o
 .debug_aranges
                0x00000000       0x28 App/Two_7SEG_Counting_0TO99_Two_7SEG_Counting_99TO0/two_7SEG_counting_0to99_two_7SEG_counting_99to0.o
 .debug_ranges  0x00000000       0x30 App/Two_7SEG_Counting_0TO99_Two_7SEG_Counting_99TO0/two_7SEG_counting_0to99_two_7SEG_counting_99to0.o
 .debug_line    0x00000000      0x298 App/Two_7SEG_Counting_0TO99_Two_7SEG_Counting_99TO0/two_7SEG_counting_0to99_two_7SEG_counting_99to0.o
 .debug_str     0x00000000      0x2d1 App/Two_7SEG_Counting_0TO99_Two_7SEG_Counting_99TO0/two_7SEG_counting_0to99_two_7SEG_counting_99to0.o
 .comment       0x00000000       0x31 App/Two_7SEG_Counting_0TO99_Two_7SEG_Counting_99TO0/two_7SEG_counting_0to99_two_7SEG_counting_99to0.o
 .debug_frame   0x00000000       0x48 App/Two_7SEG_Counting_0TO99_Two_7SEG_Counting_99TO0/two_7SEG_counting_0to99_two_7SEG_counting_99to0.o
 .text          0x00000000        0x0 App/Write_Name_On_LCD_Using_Button/write_name_on_LCD_using_button.o
 .data          0x00000000        0x0 App/Write_Name_On_LCD_Using_Button/write_name_on_LCD_using_button.o
 .bss           0x00000000        0x0 App/Write_Name_On_LCD_Using_Button/write_name_on_LCD_using_button.o
 .text.Display_Name_Init
                0x00000000       0x26 App/Write_Name_On_LCD_Using_Button/write_name_on_LCD_using_button.o
 .rodata.str1.1
                0x00000000       0x16 App/Write_Name_On_LCD_Using_Button/write_name_on_LCD_using_button.o
 .text.Display_Name_Update
                0x00000000       0xf6 App/Write_Name_On_LCD_Using_Button/write_name_on_LCD_using_button.o
 .debug_info    0x00000000      0x3cd App/Write_Name_On_LCD_Using_Button/write_name_on_LCD_using_button.o
 .debug_abbrev  0x00000000       0xdc App/Write_Name_On_LCD_Using_Button/write_name_on_LCD_using_button.o
 .debug_loc     0x00000000       0x48 App/Write_Name_On_LCD_Using_Button/write_name_on_LCD_using_button.o
 .debug_aranges
                0x00000000       0x28 App/Write_Name_On_LCD_Using_Button/write_name_on_LCD_using_button.o
 .debug_ranges  0x00000000       0x18 App/Write_Name_On_LCD_Using_Button/write_name_on_LCD_using_button.o
 .debug_line    0x00000000      0x251 App/Write_Name_On_LCD_Using_Button/write_name_on_LCD_using_button.o
 .debug_str     0x00000000      0x2ec App/Write_Name_On_LCD_Using_Button/write_name_on_LCD_using_button.o
 .comment       0x00000000       0x31 App/Write_Name_On_LCD_Using_Button/write_name_on_LCD_using_button.o
 .debug_frame   0x00000000       0x44 App/Write_Name_On_LCD_Using_Button/write_name_on_LCD_using_button.o
 .text          0x00000000        0x0 HAL/KeyPad/keypad.o
 .data          0x00000000        0x0 HAL/KeyPad/keypad.o
 .bss           0x00000000        0x0 HAL/KeyPad/keypad.o
 .text.HAL_KEYPAD_Init
                0x00000000       0x7a HAL/KeyPad/keypad.o
 .text.HAL_KEYPAD_READ
                0x00000000      0x12e HAL/KeyPad/keypad.o
 .data.keyRead  0x00000000        0x1 HAL/KeyPad/keypad.o
 .rodata.keypadValues
                0x00000000       0x10 HAL/KeyPad/keypad.o
 .debug_info    0x00000000      0x500 HAL/KeyPad/keypad.o
 .debug_abbrev  0x00000000      0x115 HAL/KeyPad/keypad.o
 .debug_loc     0x00000000       0xff HAL/KeyPad/keypad.o
 .debug_aranges
                0x00000000       0x28 HAL/KeyPad/keypad.o
 .debug_ranges  0x00000000       0x18 HAL/KeyPad/keypad.o
 .debug_line    0x00000000      0x1d4 HAL/KeyPad/keypad.o
 .debug_str     0x00000000      0x282 HAL/KeyPad/keypad.o
 .comment       0x00000000       0x31 HAL/KeyPad/keypad.o
 .debug_frame   0x00000000       0x40 HAL/KeyPad/keypad.o
 .text          0x00000000        0x0 HAL/LCD/LCD.o
 .data          0x00000000        0x0 HAL/LCD/LCD.o
 .bss           0x00000000        0x0 HAL/LCD/LCD.o
 .text.LCD_send_pulse_for_update_data_cmd
                0x00000000       0x2e HAL/LCD/LCD.o
 .text.lcd_write
                0x00000000       0x80 HAL/LCD/LCD.o
 .text.HAL_LCD_Write_cmd
                0x00000000       0x18 HAL/LCD/LCD.o
 .text.HAL_LCD_Init
                0x00000000       0x7a HAL/LCD/LCD.o
 .text.HAL_LCD_clear_screen
                0x00000000        0x8 HAL/LCD/LCD.o
 .text.HAL_LCD_goto
                0x00000000       0x48 HAL/LCD/LCD.o
 .text.HAL_LCD_Write_char
                0x00000000       0x18 HAL/LCD/LCD.o
 .text.HAL_LCD_Write_string
                0x00000000       0x1e HAL/LCD/LCD.o
 .rodata.str1.1
                0x00000000        0x3 HAL/LCD/LCD.o
 .text.HAL_LCD_Write_Number
                0x00000000       0x5a HAL/LCD/LCD.o
 .debug_info    0x00000000      0x76c HAL/LCD/LCD.o
 .debug_abbrev  0x00000000      0x1ba HAL/LCD/LCD.o
 .debug_loc     0x00000000      0x411 HAL/LCD/LCD.o
 .debug_aranges
                0x00000000       0x60 HAL/LCD/LCD.o
 .debug_ranges  0x00000000       0x50 HAL/LCD/LCD.o
 .debug_line    0x00000000      0x33f HAL/LCD/LCD.o
 .debug_str     0x00000000      0x366 HAL/LCD/LCD.o
 .comment       0x00000000       0x31 HAL/LCD/LCD.o
 .debug_frame   0x00000000       0xe4 HAL/LCD/LCD.o
 .text          0x00000000        0x0 HAL/LED/led.o
 .data          0x00000000        0x0 HAL/LED/led.o
 .bss           0x00000000        0x0 HAL/LED/led.o
 .text.HAL_LED_Init
                0x00000000       0x1a HAL/LED/led.o
 .text.HAL_LED_ON
                0x00000000       0x1a HAL/LED/led.o
 .text.HAL_LED_OFF
                0x00000000       0x1a HAL/LED/led.o
 .text.HAL_LED_Toggle
                0x00000000       0x18 HAL/LED/led.o
 .debug_info    0x00000000      0x394 HAL/LED/led.o
 .debug_abbrev  0x00000000       0xbf HAL/LED/led.o
 .debug_loc     0x00000000      0x258 HAL/LED/led.o
 .debug_aranges
                0x00000000       0x38 HAL/LED/led.o
 .debug_ranges  0x00000000       0x28 HAL/LED/led.o
 .debug_line    0x00000000      0x141 HAL/LED/led.o
 .debug_str     0x00000000      0x31d HAL/LED/led.o
 .comment       0x00000000       0x31 HAL/LED/led.o
 .debug_frame   0x00000000       0x54 HAL/LED/led.o
 .text          0x00000000        0x0 HAL/Push_Button/push_button.o
 .data          0x00000000        0x0 HAL/Push_Button/push_button.o
 .bss           0x00000000        0x0 HAL/Push_Button/push_button.o
 .text.HAL_PUSH_BUTTON_Init
                0x00000000       0x1a HAL/Push_Button/push_button.o
 .text.HAL_PUSH_BUTTON_Read
                0x00000000       0x18 HAL/Push_Button/push_button.o
 .debug_info    0x00000000      0x2a6 HAL/Push_Button/push_button.o
 .debug_abbrev  0x00000000       0xbf HAL/Push_Button/push_button.o
 .debug_loc     0x00000000      0x126 HAL/Push_Button/push_button.o
 .debug_aranges
                0x00000000       0x28 HAL/Push_Button/push_button.o
 .debug_ranges  0x00000000       0x18 HAL/Push_Button/push_button.o
 .debug_line    0x00000000      0x105 HAL/Push_Button/push_button.o
 .debug_str     0x00000000      0x31b HAL/Push_Button/push_button.o
 .comment       0x00000000       0x31 HAL/Push_Button/push_button.o
 .debug_frame   0x00000000       0x34 HAL/Push_Button/push_button.o
 .text          0x00000000        0x0 HAL/Seven_Segment/seven_segment.o
 .data          0x00000000        0x0 HAL/Seven_Segment/seven_segment.o
 .bss           0x00000000        0x0 HAL/Seven_Segment/seven_segment.o
 .text.HAL_Seven_Segment_Init
                0x00000000       0x7a HAL/Seven_Segment/seven_segment.o
 .text.HAL_Seven_Segment_Write
                0x00000000      0x12c HAL/Seven_Segment/seven_segment.o
 .text.HAL_Seven_Segment_Clear
                0x00000000       0xf0 HAL/Seven_Segment/seven_segment.o
 .debug_info    0x00000000      0x84c HAL/Seven_Segment/seven_segment.o
 .debug_abbrev  0x00000000       0xfc HAL/Seven_Segment/seven_segment.o
 .debug_loc     0x00000000      0x1b0 HAL/Seven_Segment/seven_segment.o
 .debug_aranges
                0x00000000       0x30 HAL/Seven_Segment/seven_segment.o
 .debug_ranges  0x00000000       0x20 HAL/Seven_Segment/seven_segment.o
 .debug_line    0x00000000      0x282 HAL/Seven_Segment/seven_segment.o
 .debug_str     0x00000000      0x2c4 HAL/Seven_Segment/seven_segment.o
 .comment       0x00000000       0x31 HAL/Seven_Segment/seven_segment.o
 .debug_frame   0x00000000       0x4c HAL/Seven_Segment/seven_segment.o
 .text          0x00000000        0x0 main.o
 .data          0x00000000        0x0 main.o
 .bss           0x00000000        0x0 main.o
 .text          0x00000000        0x0 MCAL/DIO/dio.o
 .data          0x00000000        0x0 MCAL/DIO/dio.o
 .bss           0x00000000        0x0 MCAL/DIO/dio.o
 .text.MCAL_DIO_Init_Port
                0x00000000       0x7c MCAL/DIO/dio.o
 .text.MCAL_DIO_Init_Pin
                0x00000000      0x15c MCAL/DIO/dio.o
 .text.MCAL_DIO_Write_Port
                0x00000000       0x4c MCAL/DIO/dio.o
 .text.MCAL_DIO_Write_Pin
                0x00000000      0x136 MCAL/DIO/dio.o
 .text.MCAL_DIO_Read_Pin
                0x00000000       0xe2 MCAL/DIO/dio.o
 .text.MCAL_DIO_Toggle_Pin
                0x00000000       0x94 MCAL/DIO/dio.o
 .debug_info    0x00000000      0x37a MCAL/DIO/dio.o
 .debug_abbrev  0x00000000      0x111 MCAL/DIO/dio.o
 .debug_loc     0x00000000      0x89b MCAL/DIO/dio.o
 .debug_aranges
                0x00000000       0x48 MCAL/DIO/dio.o
 .debug_ranges  0x00000000       0x38 MCAL/DIO/dio.o
 .debug_line    0x00000000      0x4da MCAL/DIO/dio.o
 .debug_str     0x00000000      0x30a MCAL/DIO/dio.o
 .comment       0x00000000       0x31 MCAL/DIO/dio.o
 .debug_frame   0x00000000       0x74 MCAL/DIO/dio.o
 .text          0x00000000        0x0 MCAL/EXTI/exti.o
 .data          0x00000000        0x0 MCAL/EXTI/exti.o
 .bss           0x00000000        0x0 MCAL/EXTI/exti.o
 .text.MCAL_EXTI_Init
                0x00000000      0x162 MCAL/EXTI/exti.o
 .text          0x00000000        0x0 MCAL/Global_INT/global_interrupt.o
 .data          0x00000000        0x0 MCAL/Global_INT/global_interrupt.o
 .bss           0x00000000        0x0 MCAL/Global_INT/global_interrupt.o
 .text.MCAL_Global_Interrupt_Enable
                0x00000000        0x8 MCAL/Global_INT/global_interrupt.o
 .text.MCAL_Global_Interrupt_Disable
                0x00000000        0x8 MCAL/Global_INT/global_interrupt.o
 .debug_info    0x00000000       0xa5 MCAL/Global_INT/global_interrupt.o
 .debug_abbrev  0x00000000       0x4f MCAL/Global_INT/global_interrupt.o
 .debug_aranges
                0x00000000       0x28 MCAL/Global_INT/global_interrupt.o
 .debug_ranges  0x00000000       0x18 MCAL/Global_INT/global_interrupt.o
 .debug_line    0x00000000       0xd1 MCAL/Global_INT/global_interrupt.o
 .debug_str     0x00000000      0x1d0 MCAL/Global_INT/global_interrupt.o
 .comment       0x00000000       0x31 MCAL/Global_INT/global_interrupt.o
 .debug_frame   0x00000000       0x34 MCAL/Global_INT/global_interrupt.o
 .text          0x00000000        0x0 c:/program files (x86)/atmel/studio/7.0/toolchain/avr8/avr8-gnu-toolchain/bin/../lib/gcc/avr/5.4.0/avr5\libgcc.a(_divmodhi4.o)
 .data          0x00000000        0x0 c:/program files (x86)/atmel/studio/7.0/toolchain/avr8/avr8-gnu-toolchain/bin/../lib/gcc/avr/5.4.0/avr5\libgcc.a(_divmodhi4.o)
 .bss           0x00000000        0x0 c:/program files (x86)/atmel/studio/7.0/toolchain/avr8/avr8-gnu-toolchain/bin/../lib/gcc/avr/5.4.0/avr5\libgcc.a(_divmodhi4.o)
 .text.libgcc.mul
                0x00000000        0x0 c:/program files (x86)/atmel/studio/7.0/toolchain/avr8/avr8-gnu-toolchain/bin/../lib/gcc/avr/5.4.0/avr5\libgcc.a(_divmodhi4.o)
 .text.libgcc.div
                0x00000000       0x28 c:/program files (x86)/atmel/studio/7.0/toolchain/avr8/avr8-gnu-toolchain/bin/../lib/gcc/avr/5.4.0/avr5\libgcc.a(_divmodhi4.o)
 .text.libgcc   0x00000000        0x0 c:/program files (x86)/atmel/studio/7.0/toolchain/avr8/avr8-gnu-toolchain/bin/../lib/gcc/avr/5.4.0/avr5\libgcc.a(_divmodhi4.o)
 .text.libgcc.prologue
                0x00000000        0x0 c:/program files (x86)/atmel/studio/7.0/toolchain/avr8/avr8-gnu-toolchain/bin/../lib/gcc/avr/5.4.0/avr5\libgcc.a(_divmodhi4.o)
 .text.libgcc.builtins
                0x00000000        0x0 c:/program files (x86)/atmel/studio/7.0/toolchain/avr8/avr8-gnu-toolchain/bin/../lib/gcc/avr/5.4.0/avr5\libgcc.a(_divmodhi4.o)
 .text.libgcc.fmul
                0x00000000        0x0 c:/program files (x86)/atmel/studio/7.0/toolchain/avr8/avr8-gnu-toolchain/bin/../lib/gcc/avr/5.4.0/avr5\libgcc.a(_divmodhi4.o)
 .text.libgcc.fixed
                0x00000000        0x0 c:/program files (x86)/atmel/studio/7.0/toolchain/avr8/avr8-gnu-toolchain/bin/../lib/gcc/avr/5.4.0/avr5\libgcc.a(_divmodhi4.o)
 .text          0x00000000        0x0 c:/program files (x86)/atmel/studio/7.0/toolchain/avr8/avr8-gnu-toolchain/bin/../lib/gcc/avr/5.4.0/avr5\libgcc.a(_exit.o)
 .data          0x00000000        0x0 c:/program files (x86)/atmel/studio/7.0/toolchain/avr8/avr8-gnu-toolchain/bin/../lib/gcc/avr/5.4.0/avr5\libgcc.a(_exit.o)
 .bss           0x00000000        0x0 c:/program files (x86)/atmel/studio/7.0/toolchain/avr8/avr8-gnu-toolchain/bin/../lib/gcc/avr/5.4.0/avr5\libgcc.a(_exit.o)
 .text.libgcc.mul
                0x00000000        0x0 c:/program files (x86)/atmel/studio/7.0/toolchain/avr8/avr8-gnu-toolchain/bin/../lib/gcc/avr/5.4.0/avr5\libgcc.a(_exit.o)
 .text.libgcc.div
                0x00000000        0x0 c:/program files (x86)/atmel/studio/7.0/toolchain/avr8/avr8-gnu-toolchain/bin/../lib/gcc/avr/5.4.0/avr5\libgcc.a(_exit.o)
 .text.libgcc   0x00000000        0x0 c:/program files (x86)/atmel/studio/7.0/toolchain/avr8/avr8-gnu-toolchain/bin/../lib/gcc/avr/5.4.0/avr5\libgcc.a(_exit.o)
 .text.libgcc.prologue
                0x00000000        0x0 c:/program files (x86)/atmel/studio/7.0/toolchain/avr8/avr8-gnu-toolchain/bin/../lib/gcc/avr/5.4.0/avr5\libgcc.a(_exit.o)
 .text.libgcc.builtins
                0x00000000        0x0 c:/program files (x86)/atmel/studio/7.0/toolchain/avr8/avr8-gnu-toolchain/bin/../lib/gcc/avr/5.4.0/avr5\libgcc.a(_exit.o)
 .text.libgcc.fmul
                0x00000000        0x0 c:/program files (x86)/atmel/studio/7.0/toolchain/avr8/avr8-gnu-toolchain/bin/../lib/gcc/avr/5.4.0/avr5\libgcc.a(_exit.o)
 .text.libgcc.fixed
                0x00000000        0x0 c:/program files (x86)/atmel/studio/7.0/toolchain/avr8/avr8-gnu-toolchain/bin/../lib/gcc/avr/5.4.0/avr5\libgcc.a(_exit.o)
 .text          0x00000000        0x0 c:/program files (x86)/atmel/studio/7.0/toolchain/avr8/avr8-gnu-toolchain/bin/../lib/gcc/avr/5.4.0/avr5\libgcc.a(_copy_data.o)
 .data          0x00000000        0x0 c:/program files (x86)/atmel/studio/7.0/toolchain/avr8/avr8-gnu-toolchain/bin/../lib/gcc/avr/5.4.0/avr5\libgcc.a(_copy_data.o)
 .bss           0x00000000        0x0 c:/program files (x86)/atmel/studio/7.0/toolchain/avr8/avr8-gnu-toolchain/bin/../lib/gcc/avr/5.4.0/avr5\libgcc.a(_copy_data.o)
 .text.libgcc.mul
                0x00000000        0x0 c:/program files (x86)/atmel/studio/7.0/toolchain/avr8/avr8-gnu-toolchain/bin/../lib/gcc/avr/5.4.0/avr5\libgcc.a(_copy_data.o)
 .text.libgcc.div
                0x00000000        0x0 c:/program files (x86)/atmel/studio/7.0/toolchain/avr8/avr8-gnu-toolchain/bin/../lib/gcc/avr/5.4.0/avr5\libgcc.a(_copy_data.o)
 .text.libgcc   0x00000000        0x0 c:/program files (x86)/atmel/studio/7.0/toolchain/avr8/avr8-gnu-toolchain/bin/../lib/gcc/avr/5.4.0/avr5\libgcc.a(_copy_data.o)
 .text.libgcc.prologue
                0x00000000        0x0 c:/program files (x86)/atmel/studio/7.0/toolchain/avr8/avr8-gnu-toolchain/bin/../lib/gcc/avr/5.4.0/avr5\libgcc.a(_copy_data.o)
 .text.libgcc.builtins
                0x00000000        0x0 c:/program files (x86)/atmel/studio/7.0/toolchain/avr8/avr8-gnu-toolchain/bin/../lib/gcc/avr/5.4.0/avr5\libgcc.a(_copy_data.o)
 .text.libgcc.fmul
                0x00000000        0x0 c:/program files (x86)/atmel/studio/7.0/toolchain/avr8/avr8-gnu-toolchain/bin/../lib/gcc/avr/5.4.0/avr5\libgcc.a(_copy_data.o)
 .text.libgcc.fixed
                0x00000000        0x0 c:/program files (x86)/atmel/studio/7.0/toolchain/avr8/avr8-gnu-toolchain/bin/../lib/gcc/avr/5.4.0/avr5\libgcc.a(_copy_data.o)
 .text          0x00000000        0x0 c:/program files (x86)/atmel/studio/7.0/toolchain/avr8/avr8-gnu-toolchain/bin/../lib/gcc/avr/5.4.0/avr5\libgcc.a(_clear_bss.o)
 .data          0x00000000        0x0 c:/program files (x86)/atmel/studio/7.0/toolchain/avr8/avr8-gnu-toolchain/bin/../lib/gcc/avr/5.4.0/avr5\libgcc.a(_clear_bss.o)
 .bss           0x00000000        0x0 c:/program files (x86)/atmel/studio/7.0/toolchain/avr8/avr8-gnu-toolchain/bin/../lib/gcc/avr/5.4.0/avr5\libgcc.a(_clear_bss.o)
 .text.libgcc.mul
                0x00000000        0x0 c:/program files (x86)/atmel/studio/7.0/toolchain/avr8/avr8-gnu-toolchain/bin/../lib/gcc/avr/5.4.0/avr5\libgcc.a(_clear_bss.o)
 .text.libgcc.div
                0x00000000        0x0 c:/program files (x86)/atmel/studio/7.0/toolchain/avr8/avr8-gnu-toolchain/bin/../lib/gcc/avr/5.4.0/avr5\libgcc.a(_clear_bss.o)
 .text.libgcc   0x00000000        0x0 c:/program files (x86)/atmel/studio/7.0/toolchain/avr8/avr8-gnu-toolchain/bin/../lib/gcc/avr/5.4.0/avr5\libgcc.a(_clear_bss.o)
 .text.libgcc.prologue
                0x00000000        0x0 c:/program files (x86)/atmel/studio/7.0/toolchain/avr8/avr8-gnu-toolchain/bin/../lib/gcc/avr/5.4.0/avr5\libgcc.a(_clear_bss.o)
 .text.libgcc.builtins
                0x00000000        0x0 c:/program files (x86)/atmel/studio/7.0/toolchain/avr8/avr8-gnu-toolchain/bin/../lib/gcc/avr/5.4.0/avr5\libgcc.a(_clear_bss.o)
 .text.libgcc.fmul
                0x00000000        0x0 c:/program files (x86)/atmel/studio/7.0/toolchain/avr8/avr8-gnu-toolchain/bin/../lib/gcc/avr/5.4.0/avr5\libgcc.a(_clear_bss.o)
 .text.libgcc.fixed
                0x00000000        0x0 c:/program files (x86)/atmel/studio/7.0/toolchain/avr8/avr8-gnu-toolchain/bin/../lib/gcc/avr/5.4.0/avr5\libgcc.a(_clear_bss.o)
 .text          0x00000000        0x0 c:/program files (x86)/atmel/studio/7.0/toolchain/avr8/avr8-gnu-toolchain/bin/../lib/gcc/avr/5.4.0/avr5\libgcc.a(_udivmodhi4.o)
 .data          0x00000000        0x0 c:/program files (x86)/atmel/studio/7.0/toolchain/avr8/avr8-gnu-toolchain/bin/../lib/gcc/avr/5.4.0/avr5\libgcc.a(_udivmodhi4.o)
 .bss           0x00000000        0x0 c:/program files (x86)/atmel/studio/7.0/toolchain/avr8/avr8-gnu-toolchain/bin/../lib/gcc/avr/5.4.0/avr5\libgcc.a(_udivmodhi4.o)
 .text.libgcc.mul
                0x00000000        0x0 c:/program files (x86)/atmel/studio/7.0/toolchain/avr8/avr8-gnu-toolchain/bin/../lib/gcc/avr/5.4.0/avr5\libgcc.a(_udivmodhi4.o)
 .text.libgcc.div
                0x00000000       0x28 c:/program files (x86)/atmel/studio/7.0/toolchain/avr8/avr8-gnu-toolchain/bin/../lib/gcc/avr/5.4.0/avr5\libgcc.a(_udivmodhi4.o)
 .text.libgcc   0x00000000        0x0 c:/program files (x86)/atmel/studio/7.0/toolchain/avr8/avr8-gnu-toolchain/bin/../lib/gcc/avr/5.4.0/avr5\libgcc.a(_udivmodhi4.o)
 .text.libgcc.prologue
                0x00000000        0x0 c:/program files (x86)/atmel/studio/7.0/toolchain/avr8/avr8-gnu-toolchain/bin/../lib/gcc/avr/5.4.0/avr5\libgcc.a(_udivmodhi4.o)
 .text.libgcc.builtins
                0x00000000        0x0 c:/program files (x86)/atmel/studio/7.0/toolchain/avr8/avr8-gnu-toolchain/bin/../lib/gcc/avr/5.4.0/avr5\libgcc.a(_udivmodhi4.o)
 .text.libgcc.fmul
                0x00000000        0x0 c:/program files (x86)/atmel/studio/7.0/toolchain/avr8/avr8-gnu-toolchain/bin/../lib/gcc/avr/5.4.0/avr5\libgcc.a(_udivmodhi4.o)
 .text.libgcc.fixed
                0x00000000        0x0 c:/program files (x86)/atmel/studio/7.0/toolchain/avr8/avr8-gnu-toolchain/bin/../lib/gcc/avr/5.4.0/avr5\libgcc.a(_udivmodhi4.o)
 .text          0x00000000        0x0 c:/program files (x86)/atmel/studio/7.0/toolchain/avr8/avr8-gnu-toolchain/bin/../lib/gcc/avr/5.4.0/../../../../avr/lib/avr5\libc.a(sprintf.o)
 .data          0x00000000        0x0 c:/program files (x86)/atmel/studio/7.0/toolchain/avr8/avr8-gnu-toolchain/bin/../lib/gcc/avr/5.4.0/../../../../avr/lib/avr5\libc.a(sprintf.o)
 .bss           0x00000000        0x0 c:/program files (x86)/atmel/studio/7.0/toolchain/avr8/avr8-gnu-toolchain/bin/../lib/gcc/avr/5.4.0/../../../../avr/lib/avr5\libc.a(sprintf.o)
 .text.avr-libc
                0x00000000       0x44 c:/program files (x86)/atmel/studio/7.0/toolchain/avr8/avr8-gnu-toolchain/bin/../lib/gcc/avr/5.4.0/../../../../avr/lib/avr5\libc.a(sprintf.o)
 .comment       0x00000000       0x31 c:/program files (x86)/atmel/studio/7.0/toolchain/avr8/avr8-gnu-toolchain/bin/../lib/gcc/avr/5.4.0/../../../../avr/lib/avr5\libc.a(sprintf.o)
 .text          0x00000000        0x0 c:/program files (x86)/atmel/studio/7.0/toolchain/avr8/avr8-gnu-toolchain/bin/../lib/gcc/avr/5.4.0/../../../../avr/lib/avr5\libc.a(vfprintf_std.o)
 .data          0x00000000        0x0 c:/program files (x86)/atmel/studio/7.0/toolchain/avr8/avr8-gnu-toolchain/bin/../lib/gcc/avr/5.4.0/../../../../avr/lib/avr5\libc.a(vfprintf_std.o)
 .bss           0x00000000        0x0 c:/program files (x86)/atmel/studio/7.0/toolchain/avr8/avr8-gnu-toolchain/bin/../lib/gcc/avr/5.4.0/../../../../avr/lib/avr5\libc.a(vfprintf_std.o)
 .text.avr-libc
                0x00000000      0x3c2 c:/program files (x86)/atmel/studio/7.0/toolchain/avr8/avr8-gnu-toolchain/bin/../lib/gcc/avr/5.4.0/../../../../avr/lib/avr5\libc.a(vfprintf_std.o)
 .comment       0x00000000       0x2d c:/program files (x86)/atmel/studio/7.0/toolchain/avr8/avr8-gnu-toolchain/bin/../lib/gcc/avr/5.4.0/../../../../avr/lib/avr5\libc.a(vfprintf_std.o)
 .text          0x00000000        0x0 c:/program files (x86)/atmel/studio/7.0/toolchain/avr8/avr8-gnu-toolchain/bin/../lib/gcc/avr/5.4.0/../../../../avr/lib/avr5\libc.a(strnlen_P.o)
 .data          0x00000000        0x0 c:/program files (x86)/atmel/studio/7.0/toolchain/avr8/avr8-gnu-toolchain/bin/../lib/gcc/avr/5.4.0/../../../../avr/lib/avr5\libc.a(strnlen_P.o)
 .bss           0x00000000        0x0 c:/program files (x86)/atmel/studio/7.0/toolchain/avr8/avr8-gnu-toolchain/bin/../lib/gcc/avr/5.4.0/../../../../avr/lib/avr5\libc.a(strnlen_P.o)
 .text.avr-libc
                0x00000000       0x16 c:/program files (x86)/atmel/studio/7.0/toolchain/avr8/avr8-gnu-toolchain/bin/../lib/gcc/avr/5.4.0/../../../../avr/lib/avr5\libc.a(strnlen_P.o)
 .text          0x00000000        0x0 c:/program files (x86)/atmel/studio/7.0/toolchain/avr8/avr8-gnu-toolchain/bin/../lib/gcc/avr/5.4.0/../../../../avr/lib/avr5\libc.a(strnlen.o)
 .data          0x00000000        0x0 c:/program files (x86)/atmel/studio/7.0/toolchain/avr8/avr8-gnu-toolchain/bin/../lib/gcc/avr/5.4.0/../../../../avr/lib/avr5\libc.a(strnlen.o)
 .bss           0x00000000        0x0 c:/program files (x86)/atmel/studio/7.0/toolchain/avr8/avr8-gnu-toolchain/bin/../lib/gcc/avr/5.4.0/../../../../avr/lib/avr5\libc.a(strnlen.o)
 .text.avr-libc
                0x00000000       0x16 c:/program files (x86)/atmel/studio/7.0/toolchain/avr8/avr8-gnu-toolchain/bin/../lib/gcc/avr/5.4.0/../../../../avr/lib/avr5\libc.a(strnlen.o)
 .text          0x00000000        0x0 c:/program files (x86)/atmel/studio/7.0/toolchain/avr8/avr8-gnu-toolchain/bin/../lib/gcc/avr/5.4.0/../../../../avr/lib/avr5\libc.a(fputc.o)
 .data          0x00000000        0x0 c:/program files (x86)/atmel/studio/7.0/toolchain/avr8/avr8-gnu-toolchain/bin/../lib/gcc/avr/5.4.0/../../../../avr/lib/avr5\libc.a(fputc.o)
 .bss           0x00000000        0x0 c:/program files (x86)/atmel/studio/7.0/toolchain/avr8/avr8-gnu-toolchain/bin/../lib/gcc/avr/5.4.0/../../../../avr/lib/avr5\libc.a(fputc.o)
 .text.avr-libc
                0x00000000       0x78 c:/program files (x86)/atmel/studio/7.0/toolchain/avr8/avr8-gnu-toolchain/bin/../lib/gcc/avr/5.4.0/../../../../avr/lib/avr5\libc.a(fputc.o)
 .comment       0x00000000       0x31 c:/program files (x86)/atmel/studio/7.0/toolchain/avr8/avr8-gnu-toolchain/bin/../lib/gcc/avr/5.4.0/../../../../avr/lib/avr5\libc.a(fputc.o)
 .text          0x00000000        0x0 c:/program files (x86)/atmel/studio/7.0/toolchain/avr8/avr8-gnu-toolchain/bin/../lib/gcc/avr/5.4.0/../../../../avr/lib/avr5\libc.a(ultoa_invert.o)
 .data          0x00000000        0x0 c:/program files (x86)/atmel/studio/7.0/toolchain/avr8/avr8-gnu-toolchain/bin/../lib/gcc/avr/5.4.0/../../../../avr/lib/avr5\libc.a(ultoa_invert.o)
 .bss           0x00000000        0x0 c:/program files (x86)/atmel/studio/7.0/toolchain/avr8/avr8-gnu-toolchain/bin/../lib/gcc/avr/5.4.0/../../../../avr/lib/avr5\libc.a(ultoa_invert.o)
 .text.avr-libc
                0x00000000       0xbc c:/program files (x86)/atmel/studio/7.0/toolchain/avr8/avr8-gnu-toolchain/bin/../lib/gcc/avr/5.4.0/../../../../avr/lib/avr5\libc.a(ultoa_invert.o)
 .text          0x00000000        0x0 c:/program files (x86)/atmel/studio/7.0/toolchain/avr8/avr8-gnu-toolchain/bin/../lib/gcc/avr/5.4.0/avr5\libgcc.a(_prologue.o)
 .data          0x00000000        0x0 c:/program files (x86)/atmel/studio/7.0/toolchain/avr8/avr8-gnu-toolchain/bin/../lib/gcc/avr/5.4.0/avr5\libgcc.a(_prologue.o)
 .bss           0x00000000        0x0 c:/program files (x86)/atmel/studio/7.0/toolchain/avr8/avr8-gnu-toolchain/bin/../lib/gcc/avr/5.4.0/avr5\libgcc.a(_prologue.o)
 .text.libgcc.mul
                0x00000000        0x0 c:/program files (x86)/atmel/studio/7.0/toolchain/avr8/avr8-gnu-toolchain/bin/../lib/gcc/avr/5.4.0/avr5\libgcc.a(_prologue.o)
 .text.libgcc.div
                0x00000000        0x0 c:/program files (x86)/atmel/studio/7.0/toolchain/avr8/avr8-gnu-toolchain/bin/../lib/gcc/avr/5.4.0/avr5\libgcc.a(_prologue.o)
 .text.libgcc   0x00000000        0x0 c:/program files (x86)/atmel/studio/7.0/toolchain/avr8/avr8-gnu-toolchain/bin/../lib/gcc/avr/5.4.0/avr5\libgcc.a(_prologue.o)
 .text.libgcc.prologue
                0x00000000       0x38 c:/program files (x86)/atmel/studio/7.0/toolchain/avr8/avr8-gnu-toolchain/bin/../lib/gcc/avr/5.4.0/avr5\libgcc.a(_prologue.o)
 .text.libgcc.builtins
                0x00000000        0x0 c:/program files (x86)/atmel/studio/7.0/toolchain/avr8/avr8-gnu-toolchain/bin/../lib/gcc/avr/5.4.0/avr5\libgcc.a(_prologue.o)
 .text.libgcc.fmul
                0x00000000        0x0 c:/program files (x86)/atmel/studio/7.0/toolchain/avr8/avr8-gnu-toolchain/bin/../lib/gcc/avr/5.4.0/avr5\libgcc.a(_prologue.o)
 .text.libgcc.fixed
                0x00000000        0x0 c:/program files (x86)/atmel/studio/7.0/toolchain/avr8/avr8-gnu-toolchain/bin/../lib/gcc/avr/5.4.0/avr5\libgcc.a(_prologue.o)
 .text          0x00000000        0x0 c:/program files (x86)/atmel/studio/7.0/toolchain/avr8/avr8-gnu-toolchain/bin/../lib/gcc/avr/5.4.0/avr5\libgcc.a(_epilogue.o)
 .data          0x00000000        0x0 c:/program files (x86)/atmel/studio/7.0/toolchain/avr8/avr8-gnu-toolchain/bin/../lib/gcc/avr/5.4.0/avr5\libgcc.a(_epilogue.o)
 .bss           0x00000000        0x0 c:/program files (x86)/atmel/studio/7.0/toolchain/avr8/avr8-gnu-toolchain/bin/../lib/gcc/avr/5.4.0/avr5\libgcc.a(_epilogue.o)
 .text.libgcc.mul
                0x00000000        0x0 c:/program files (x86)/atmel/studio/7.0/toolchain/avr8/avr8-gnu-toolchain/bin/../lib/gcc/avr/5.4.0/avr5\libgcc.a(_epilogue.o)
 .text.libgcc.div
                0x00000000        0x0 c:/program files (x86)/atmel/studio/7.0/toolchain/avr8/avr8-gnu-toolchain/bin/../lib/gcc/avr/5.4.0/avr5\libgcc.a(_epilogue.o)
 .text.libgcc   0x00000000        0x0 c:/program files (x86)/atmel/studio/7.0/toolchain/avr8/avr8-gnu-toolchain/bin/../lib/gcc/avr/5.4.0/avr5\libgcc.a(_epilogue.o)
 .text.libgcc.prologue
                0x00000000       0x36 c:/program files (x86)/atmel/studio/7.0/toolchain/avr8/avr8-gnu-toolchain/bin/../lib/gcc/avr/5.4.0/avr5\libgcc.a(_epilogue.o)
 .text.libgcc.builtins
                0x00000000        0x0 c:/program files (x86)/atmel/studio/7.0/toolchain/avr8/avr8-gnu-toolchain/bin/../lib/gcc/avr/5.4.0/avr5\libgcc.a(_epilogue.o)
 .text.libgcc.fmul
                0x00000000        0x0 c:/program files (x86)/atmel/studio/7.0/toolchain/avr8/avr8-gnu-toolchain/bin/../lib/gcc/avr/5.4.0/avr5\libgcc.a(_epilogue.o)
 .text.libgcc.fixed
                0x00000000        0x0 c:/program files (x86)/atmel/studio/7.0/toolchain/avr8/avr8-gnu-toolchain/bin/../lib/gcc/avr/5.4.0/avr5\libgcc.a(_epilogue.o)

Memory Configuration

Name             Origin             Length             Attributes
text             0x00000000         0x00020000         xr
data             0x00800060         0x0000ffa0         rw !x
eeprom           0x00810000         0x00010000         rw !x
fuse             0x00820000         0x00000002         rw !x
lock             0x00830000         0x00000400         rw !x
signature        0x00840000         0x00000400         rw !x
user_signatures  0x00850000         0x00000400         rw !x
*default*        0x00000000         0xffffffff

Linker script and memory map

LOAD C:/Program Files (x86)/Atmel/Studio/7.0/Packs/atmel/ATmega_DFP/1.2.132/gcc/dev/atmega32/avr5/crtatmega32.o
LOAD App/Calculator/calculator.o
LOAD App/Display_Num_Binary_On_LEDs_and_Decimal_On_7SEG/display_num_binary_on_LEDs_and_decimal_on_7SEG.o
LOAD App/Sinusoidal_Animation_Of_Character_On_LCD/sinusoidal_animation_of_character_on_LCD.o
LOAD App/Toggle_LED_Count_LCD_Using_EXTI/toggle_led_count_on_lcd_using_exti.o
LOAD App/Traffic_Lights_LEDs/traffic_lights_LEDs.o
LOAD App/Turn_On_LED_Using_Button/turn_on_LED_using_button.o
LOAD App/Two_7SEG_Counting_0TO99_Two_7SEG_Counting_99TO0/two_7SEG_counting_0to99_two_7SEG_counting_99to0.o
LOAD App/Write_Name_On_LCD_Using_Button/write_name_on_LCD_using_button.o
LOAD HAL/KeyPad/keypad.o
LOAD HAL/LCD/LCD.o
LOAD HAL/LED/led.o
LOAD HAL/Push_Button/push_button.o
LOAD HAL/Seven_Segment/seven_segment.o
LOAD main.o
LOAD MCAL/DIO/dio.o
LOAD MCAL/EXTI/exti.o
LOAD MCAL/Global_INT/global_interrupt.o
START GROUP
LOAD c:/program files (x86)/atmel/studio/7.0/toolchain/avr8/avr8-gnu-toolchain/bin/../lib/gcc/avr/5.4.0/../../../../avr/lib/avr5\libm.a
END GROUP
START GROUP
LOAD c:/program files (x86)/atmel/studio/7.0/toolchain/avr8/avr8-gnu-toolchain/bin/../lib/gcc/avr/5.4.0/avr5\libgcc.a
LOAD c:/program files (x86)/atmel/studio/7.0/toolchain/avr8/avr8-gnu-toolchain/bin/../lib/gcc/avr/5.4.0/../../../../avr/lib/avr5\libm.a
LOAD c:/program files (x86)/atmel/studio/7.0/toolchain/avr8/avr8-gnu-toolchain/bin/../lib/gcc/avr/5.4.0/../../../../avr/lib/avr5\libc.a
LOAD C:/Program Files (x86)/Atmel/Studio/7.0/Packs/atmel/ATmega_DFP/1.2.132/gcc/dev/atmega32/avr5\libatmega32.a
END GROUP
                0x00020000                __TEXT_REGION_LENGTH__ = DEFINED (__TEXT_REGION_LENGTH__)?__TEXT_REGION_LENGTH__:0x20000
                0x0000ffa0                __DATA_REGION_LENGTH__ = DEFINED (__DATA_REGION_LENGTH__)?__DATA_REGION_LENGTH__:0xffa0
                0x00010000                __EEPROM_REGION_LENGTH__ = DEFINED (__EEPROM_REGION_LENGTH__)?__EEPROM_REGION_LENGTH__:0x10000
                [0x00000002]                __FUSE_REGION_LENGTH__ = DEFINED (__FUSE_REGION_LENGTH__)?__FUSE_REGION_LENGTH__:0x400
                0x00000400                __LOCK_REGION_LENGTH__ = DEFINED (__LOCK_REGION_LENGTH__)?__LOCK_REGION_LENGTH__:0x400
                0x00000400                __SIGNATURE_REGION_LENGTH__ = DEFINED (__SIGNATURE_REGION_LENGTH__)?__SIGNATURE_REGION_LENGTH__:0x400
                0x00000400                __USER_SIGNATURE_REGION_LENGTH__ = DEFINED (__USER_SIGNATURE_REGION_LENGTH__)?__USER_SIGNATURE_REGION_LENGTH__:0x400

.hash
 *(.hash)

.dynsym
 *(.dynsym)

.dynstr
 *(.dynstr)

.gnu.version
 *(.gnu.version)

.gnu.version_d
 *(.gnu.version_d)

.gnu.version_r
 *(.gnu.version_r)

.rel.init
 *(.rel.init)

.rela.init
 *(.rela.init)

.rel.text
 *(.rel.text)
 *(.rel.text.*)
 *(.rel.gnu.linkonce.t*)

.rela.text
 *(.rela.text)
 *(.rela.text.*)
 *(.rela.gnu.linkonce.t*)

.rel.fini
 *(.rel.fini)

.rela.fini
 *(.rela.fini)

.rel.rodata
 *(.rel.rodata)
 *(.rel.rodata.*)
 *(.rel.gnu.linkonce.r*)

.rela.rodata
 *(.rela.rodata)
 *(.rela.rodata.*)
 *(.rela.gnu.linkonce.r*)

.rel.data
 *(.rel.data)
 *(.rel.data.*)
 *(.rel.gnu.linkonce.d*)

.rela.data
 *(.rela.data)
 *(.rela.data.*)
 *(.rela.gnu.linkonce.d*)

.rel.ctors
 *(.rel.ctors)

.rela.ctors
 *(.rela.ctors)

.rel.dtors
 *(.rel.dtors)

.rela.dtors
 *(.rela.dtors)

.rel.got
 *(.rel.got)

.rela.got
 *(.rela.got)

.rel.bss
 *(.rel.bss)

.rela.bss
 *(.rela.bss)

.rel.plt
 *(.rel.plt)

.rela.plt
 *(.rela.plt)

.text           0x00000000      0x18e
 *(.vectors)
 .vectors       0x00000000       0x54 C:/Program Files (x86)/Atmel/Studio/7.0/Packs/atmel/ATmega_DFP/1.2.132/gcc/dev/atmega32/avr5/crtatmega32.o
                0x00000000                __vector_default
                0x00000000                __vectors
 *(.vectors)
 *(.progmem.gcc*)
                0x00000054                . = ALIGN (0x2)
                0x00000054                __trampolines_start = .
 *(.trampolines)
 .trampolines   0x00000054        0x0 linker stubs
 *(.trampolines*)
                0x00000054                __trampolines_end = .
 *libprintf_flt.a:*(.progmem.data)
 *libc.a:*(.progmem.data)
 *(.progmem*)
                0x00000054                . = ALIGN (0x2)
 *(.jumptables)
 *(.jumptables*)
 *(.lowtext)
 *(.lowtext*)
                0x00000054                __ctors_start = .
 *(.ctors)
                0x00000054                __ctors_end = .
                0x00000054                __dtors_start = .
 *(.dtors)
                0x00000054                __dtors_end = .
 SORT(*)(.ctors)
 SORT(*)(.dtors)
 *(.init0)
 .init0         0x00000054        0x0 C:/Program Files (x86)/Atmel/Studio/7.0/Packs/atmel/ATmega_DFP/1.2.132/gcc/dev/atmega32/avr5/crtatmega32.o
                0x00000054                __init
 *(.init0)
 *(.init1)
 *(.init1)
 *(.init2)
 .init2         0x00000054        0xc C:/Program Files (x86)/Atmel/Studio/7.0/Packs/atmel/ATmega_DFP/1.2.132/gcc/dev/atmega32/avr5/crtatmega32.o
 *(.init2)
 *(.init3)
 *(.init3)
 *(.init4)
 .init4         0x00000060       0x16 c:/program files (x86)/atmel/studio/7.0/toolchain/avr8/avr8-gnu-toolchain/bin/../lib/gcc/avr/5.4.0/avr5\libgcc.a(_copy_data.o)
                0x00000060                __do_copy_data
 .init4         0x00000076       0x10 c:/program files (x86)/atmel/studio/7.0/toolchain/avr8/avr8-gnu-toolchain/bin/../lib/gcc/avr/5.4.0/avr5\libgcc.a(_clear_bss.o)
                0x00000076                __do_clear_bss
 *(.init4)
 *(.init5)
 *(.init5)
 *(.init6)
 *(.init6)
 *(.init7)
 *(.init7)
 *(.init8)
 *(.init8)
 *(.init9)
 .init9         0x00000086        0x8 C:/Program Files (x86)/Atmel/Studio/7.0/Packs/atmel/ATmega_DFP/1.2.132/gcc/dev/atmega32/avr5/crtatmega32.o
 *(.init9)
 *(.text)
 .text          0x0000008e        0x4 C:/Program Files (x86)/Atmel/Studio/7.0/Packs/atmel/ATmega_DFP/1.2.132/gcc/dev/atmega32/avr5/crtatmega32.o
                0x0000008e                __vector_12
                0x0000008e                __bad_interrupt
                0x0000008e                __vector_6
                0x0000008e                __vector_11
                0x0000008e                __vector_13
                0x0000008e                __vector_17
                0x0000008e                __vector_19
                0x0000008e                __vector_7
                0x0000008e                __vector_5
                0x0000008e                __vector_4
                0x0000008e                __vector_9
                0x0000008e                __vector_15
                0x0000008e                __vector_8
                0x0000008e                __vector_14
                0x0000008e                __vector_10
                0x0000008e                __vector_16
                0x0000008e                __vector_18
                0x0000008e                __vector_20
                0x00000092                . = ALIGN (0x2)
 *(.text.*)
 .text.main     0x00000092        0x2 main.o
                0x00000092                main
 .text.__vector_1
                0x00000094       0x52 MCAL/EXTI/exti.o
                0x00000094                __vector_1
 .text.__vector_2
                0x000000e6       0x52 MCAL/EXTI/exti.o
                0x000000e6                __vector_2
 .text.__vector_3
                0x00000138       0x52 MCAL/EXTI/exti.o
                0x00000138                __vector_3
                0x0000018a                . = ALIGN (0x2)
 *(.fini9)
 .fini9         0x0000018a        0x0 c:/program files (x86)/atmel/studio/7.0/toolchain/avr8/avr8-gnu-toolchain/bin/../lib/gcc/avr/5.4.0/avr5\libgcc.a(_exit.o)
                0x0000018a                _exit
                0x0000018a                exit
 *(.fini9)
 *(.fini8)
 *(.fini8)
 *(.fini7)
 *(.fini7)
 *(.fini6)
 *(.fini6)
 *(.fini5)
 *(.fini5)
 *(.fini4)
 *(.fini4)
 *(.fini3)
 *(.fini3)
 *(.fini2)
 *(.fini2)
 *(.fini1)
 *(.fini1)
 *(.fini0)
 .fini0         0x0000018a        0x4 c:/program files (x86)/atmel/studio/7.0/toolchain/avr8/avr8-gnu-toolchain/bin/../lib/gcc/avr/5.4.0/avr5\libgcc.a(_exit.o)
 *(.fini0)
                0x0000018e                _etext = .

.data           0x00800060        0x0 load address 0x0000018e
                0x00800060                PROVIDE (__data_start, .)
 *(.data)
 *(.data*)
 *(.rodata)
 *(.rodata*)
 *(.gnu.linkonce.d*)
                0x00800060                . = ALIGN (0x2)
                0x00800060                _edata = .
                0x00800060                PROVIDE (__data_end, .)

.bss            0x00800060        0x6
                0x00800060                PROVIDE (__bss_start, .)
 *(.bss)
 *(.bss*)
 .bss.GP_EXTI_callback
                0x00800060        0x6 MCAL/EXTI/exti.o
                0x00800060                GP_EXTI_callback
 *(COMMON)
                0x00800066                PROVIDE (__bss_end, .)
                0x0000018e                __data_load_start = LOADADDR (.data)
                0x0000018e                __data_load_end = (__data_load_start + SIZEOF (.data))

.noinit         0x00800066        0x0
                [!provide]                PROVIDE (__noinit_start, .)
 *(.noinit*)
                [!provide]                PROVIDE (__noinit_end, .)
                0x00800066                _end = .
                [!provide]                PROVIDE (__heap_start, .)

.eeprom         0x00810000        0x0
 *(.eeprom*)
                0x00810000                __eeprom_end = .

.fuse
 *(.fuse)
 *(.lfuse)
 *(.hfuse)
 *(.efuse)

.lock
 *(.lock*)

.signature
 *(.signature*)

.user_signatures
 *(.user_signatures*)

.stab
 *(.stab)

.stabstr
 *(.stabstr)

.stab.excl
 *(.stab.excl)

.stab.exclstr
 *(.stab.exclstr)

.stab.index
 *(.stab.index)

.stab.indexstr
 *(.stab.indexstr)

.comment        0x00000000       0x30
 *(.comment)
 .comment       0x00000000       0x30 main.o
                                 0x31 (size before relaxing)
 .comment       0x00000030       0x31 MCAL/EXTI/exti.o

.note.gnu.avr.deviceinfo
                0x00000000       0x3c
 .note.gnu.avr.deviceinfo
                0x00000000       0x3c C:/Program Files (x86)/Atmel/Studio/7.0/Packs/atmel/ATmega_DFP/1.2.132/gcc/dev/atmega32/avr5/crtatmega32.o

.note.gnu.build-id
 *(.note.gnu.build-id)

.debug
 *(.debug)

.line
 *(.line)

.debug_srcinfo
 *(.debug_srcinfo)

.debug_sfnames
 *(.debug_sfnames)

.debug_aranges  0x00000000       0x58
 *(.debug_aranges)
 .debug_aranges
                0x00000000       0x20 main.o
 .debug_aranges
                0x00000020       0x38 MCAL/EXTI/exti.o

.debug_pubnames
 *(.debug_pubnames)

.debug_info     0x00000000      0x927
 *(.debug_info .gnu.linkonce.wi.*)
 .debug_info    0x00000000      0x4e6 C:/Program Files (x86)/Atmel/Studio/7.0/Packs/atmel/ATmega_DFP/1.2.132/gcc/dev/atmega32/avr5/crtatmega32.o
 .debug_info    0x000004e6       0x92 main.o
 .debug_info    0x00000578      0x3af MCAL/EXTI/exti.o

.debug_abbrev   0x00000000      0x67a
 *(.debug_abbrev)
 .debug_abbrev  0x00000000      0x4a3 C:/Program Files (x86)/Atmel/Studio/7.0/Packs/atmel/ATmega_DFP/1.2.132/gcc/dev/atmega32/avr5/crtatmega32.o
 .debug_abbrev  0x000004a3       0x49 main.o
 .debug_abbrev  0x000004ec      0x18e MCAL/EXTI/exti.o

.debug_line     0x00000000      0x407
 *(.debug_line .debug_line.* .debug_line_end)
 .debug_line    0x00000000      0x115 C:/Program Files (x86)/Atmel/Studio/7.0/Packs/atmel/ATmega_DFP/1.2.132/gcc/dev/atmega32/avr5/crtatmega32.o
 .debug_line    0x00000115       0x39 main.o
 .debug_line    0x0000014e      0x2b9 MCAL/EXTI/exti.o

.debug_frame    0x00000000      0x15c
 *(.debug_frame)
 .debug_frame   0x00000000       0x24 main.o
 .debug_frame   0x00000024      0x138 MCAL/EXTI/exti.o

.debug_str      0x00000000      0x526
 *(.debug_str)
 .debug_str     0x00000000      0x196 C:/Program Files (x86)/Atmel/Studio/7.0/Packs/atmel/ATmega_DFP/1.2.132/gcc/dev/atmega32/avr5/crtatmega32.o
 .debug_str     0x00000196      0x144 main.o
                                0x17d (size before relaxing)
 .debug_str     0x000002da      0x24c MCAL/EXTI/exti.o
                                0x3c2 (size before relaxing)

.debug_loc      0x00000000      0x3dc
 *(.debug_loc)
 .debug_loc     0x00000000      0x3dc MCAL/EXTI/exti.o

.debug_macinfo
 *(.debug_macinfo)

.debug_weaknames
 *(.debug_weaknames)

.debug_funcnames
 *(.debug_funcnames)

.debug_typenames
 *(.debug_typenames)

.debug_varnames
 *(.debug_varnames)

.debug_pubtypes
 *(.debug_pubtypes)

.debug_ranges   0x00000000       0x78
 *(.debug_ranges)
 .debug_ranges  0x00000000       0x10 main.o
 .debug_ranges  0x00000010       0x68 MCAL/EXTI/exti.o

.debug_macro
 *(.debug_macro)
OUTPUT(Drivers Atmega32 NTI.elf elf32-avr)
LOAD linker stubs
